// Jest Snapshot v1, https://goo.gl/fbAQLP

exports[`MediaCard should render successfully 1`] = `
<body>
  <div>
    <div>
      <div
        class="css-1m0fc5"
      >
        <div
          class="css-1shocxe"
        >
          <div
            class="css-u3mic"
          >
            <div
              class="css-x5nivz"
            >
              <div
                class="css-n925f3"
              >
                <a
                  class="nk-card-link css-12rz4zb"
                  href="/#"
                  target="_blank"
                >
                  <section
                    class="css-kqlwu2"
                  >
                    <h3
                      class="nk-headline-heading css-1qyizy8"
                    >
                      Test Card
                    </h3>
                  </section>
                </a>
              </div>
              <div
                class="css-n925f3"
              >
                <p
                  class="css-1as828z"
                >
                  lorem ipsum.
                </p>
              </div>
            </div>
          </div>
        </div>
      </div>
    </div>
  </div>
  <div
    class="nk-layer-organizer"
  />
</body>
`;
