// Jest Snapshot v1, https://goo.gl/fbAQLP

exports[`MediaCard should render successfully 1`] = `
<body>
  <div>
    <div
      class="css-gkwd09"
    >
      <div
        class="css-7i7vkr"
      >
        <a
          class="css-fvd0tl"
          href="#"
        >
          <section
            class="css-17j0tqb"
          >
            <h3
              class="nk-headline-heading css-b3iww6"
            >
              Test Card
            </h3>
          </section>
        </a>
        <p
          class="css-ceyvsc"
        >
          lorem ipsum.
        </p>
      </div>
    </div>
  </div>
  <div
    class="nk-layer-organizer"
  />
</body>
`;
