// Jest Snapshot v1, https://goo.gl/fbAQLP

exports[`MediaCardList should render successfully 1`] = `
<body>
  <div>
    <section
      class="css-1ago99h"
    >
      <div
        class="css-1ms0cs2"
      >
        <div
          class="css-h2bdkn"
        >
          <div
            class="css-1aiajnh"
          >
            <section
              class="css-1ekltq5"
            >
              <h2
                class="nk-headline-heading css-b3iww6"
              >
                Content
              </h2>
            </section>
          </div>
        </div>
      </div>
      <ul
        class="css-19hpv4g"
      />
    </section>
  </div>
  <div
    class="nk-layer-organizer"
  />
</body>
`;
